// Jest Snapshot v1, https://goo.gl/fbAQLP

exports[`HeaderNav HeaderNav Renders 1`] = `
<DocumentFragment>
  <nav
    class="jsx-110598338"
  >
    <a
      class="jsx-110598338"
      href="/"
    >
      <img
        class="jsx-110598338 logo"
        src="/images/WinSonSignTypeLogo.png"
      />
    </a>
    <button
      aria-expanded="false"
      aria-label="Toggle menu"
      class="Burgerstyled__StyledBurger-n2mypy-0 dpBCVs"
    >
      <span />
      <span />
      <span />
    </button>
    <div
      class="jsx-110598338 links_container"
    >
      <a
        class="jsx-110598338 venue"
        href="/restaurant"
      >
        <img
          class="jsx-110598338 logo_links"
          src="/images/RestaurantMatrousso.jpeg"
        />
      </a>
      <a
        class="jsx-110598338 venue"
        href="/bakery"
      >
        <img
          class="jsx-110598338 logo_links"
          src="/images/BakerySignTypeLogo.png"
        />
      </a>
    </div>
  </nav>
  <nav
    aria-hidden="true"
    class="Menustyled__StyledMenu-sc-1ipxm0t-0 ePfPiP"
  >
    <a
      class="jsx-3464134909"
      href="/restaurant"
    >
      Restaurant
    </a>
    <a
      class="jsx-3464134909 sub"
      href="/restaurant/menu"
    >
      menu
    </a>
    <a
      class="jsx-3464134909"
      href="/bakery"
    >
      Bakery
    </a>
    <a
      class="jsx-3464134909 sub"
      href="/bakery/menu"
    >
      menu
    </a>
  </nav>
</DocumentFragment>
`;
