// Jest Snapshot v1, https://goo.gl/fbAQLP

exports[`HeaderNav HeaderNav Renders 1`] = `
<DocumentFragment>
  <nav
    class="jsx-110598338"
  >
    <a
      class="jsx-110598338"
      href="/"
    >
      <img
        class="jsx-110598338 logo"
        src="/svg/morewinsonbuttons_winson.svg"
      />
    </a>
    <div
      class="jsx-264131979 container"
    >
      <button
        aria-expanded="false"
        aria-label="Toggle menu"
        class="Burgerstyled__StyledBurger-n2mypy-0 dpBCVs"
      >
        <span
          class="jsx-264131979"
        />
        <span
          class="jsx-264131979"
        />
        <span
          class="jsx-264131979"
        />
      </button>
    </div>
    <div
      class="jsx-110598338 links_container"
    >
      <div
        class="jsx-110598338 links_container"
      >
        <a
          class="jsx-110598338 venue"
          href="/restaurant"
        >
          <img
            class="jsx-110598338 logo_links"
            src="/svg/morewinsonbuttons_restaurant.svg"
          />
        </a>
        <a
          class="jsx-110598338 venue"
          href="/bakery"
        >
          <img
            class="jsx-110598338 logo_links"
            src="/svg/morewinsonbuttons_bakery.svg"
          />
        </a>
      </div>
      <div
        class="jsx-110598338 links_container"
      >
        <nav
          class="jsx-2257590885"
        >
          <a
            class="jsx-2257590885 venue"
            href="/bakery/menu"
          >
            <img
              class="jsx-2257590885"
              src="/svg/menu.svg"
            />
          </a>
        </nav>
      </div>
    </div>
  </nav>
  <nav
    aria-hidden="true"
    class="Menustyled__StyledMenu-sc-1ipxm0t-0 ePfPiP"
  >
    <a
      class="jsx-3464134909"
      href="/restaurant"
    >
      Restaurant
    </a>
    <a
      class="jsx-3464134909 sub"
      href="/restaurant/menu"
    >
      menu
    </a>
    <a
      class="jsx-3464134909"
      href="/bakery"
    >
      Bakery
    </a>
    <a
      class="jsx-3464134909 sub"
      href="/bakery/menu"
    >
      menu
    </a>
  </nav>
</DocumentFragment>
`;
